
R version 4.1.3 (2022-03-10) -- "One Push-Up"
Copyright (C) 2022 The R Foundation for Statistical Computing
Platform: x86_64-w64-mingw32/x64 (64-bit)

R is free software and comes with ABSOLUTELY NO WARRANTY.
You are welcome to redistribute it under certain conditions.
Type 'license()' or 'licence()' for distribution details.

R is a collaborative project with many contributors.
Type 'contributors()' for more information and
'citation()' on how to cite R or R packages in publications.

Type 'demo()' for some demos, 'help()' for on-line help, or
'help.start()' for an HTML browser interface to help.
Type 'q()' to quit R.

[Tidligere gemt arbejdsrum gendannet]

> rm(list=ls())
> library(dplyr)

Vedhæfter pakke: 'dplyr'

De følgende objekter er maskerede fra 'package:stats':

    filter, lag

De følgende objekter er maskerede fra 'package:base':

    intersect, setdiff, setequal, union

> #library(forecast)
> 
> hpfilter      = function(x, mu = 100) {
+   y = x
+   n <- length(y)          # number of observations
+   I <- diag(n)            # creates an identity matrix
+   D <- diff(I,lag=1,d=2)  # second order differences
+   d <- solve(I + mu * crossprod(D) , y) # solves focs
+   d
+ }
> 
> 
> if(Sys.info()['nodename'] == "C1709161")    # PSP's machine
+ {
+   o_dir = "C:/test/Dream.AgentBased.MacroModel"  
+ }
> if(Sys.info()['nodename'] == "VDI00316")    # Fjernskrivebord
+ {
+   o_dir = "C:/Users/B007566/Documents/Output"  
+ }
> if(Sys.info()['nodename'] == "VDI00382")    # Fjernskrivebord for agentbased projekt
+ {
+   o_dir = "C:/Users/B007566/Documents/Output"  
+ }
> 
> 
> d = read.delim(paste0(o_dir, "\\macro.txt"))
Fejl i file(file, "rt") : kan ikke åbne forbindelsen
Kald: read.delim -> read.table -> file
In addition: Advarselsbesked:
I file(file, "rt") :
  kan ikke åbne fil 'C:/Users/B007566/Documents/Output\macro.txt': No such file or directory
Kørsel stoppet
